WARNING: A terminally deprecated method in sun.misc.Unsafe has been called
WARNING: sun.misc.Unsafe::staticFieldBase has been called by com.google.inject.internal.aop.HiddenClassDefiner (file:/home/arthur/.m2/wrapper/dists/apache-maven-3.9.11/a2d47e15/lib/guice-5.1.0-classes.jar)
WARNING: Please consider reporting this to the maintainers of class com.google.inject.internal.aop.HiddenClassDefiner
WARNING: sun.misc.Unsafe::staticFieldBase will be removed in a future release
[INFO] Scanning for projects...
[INFO] 
[INFO] ------------------------< com.proint:walletly >-------------------------
[INFO] Building walletly 0.0.1-SNAPSHOT
[INFO]   from pom.xml
[INFO] --------------------------------[ jar ]---------------------------------
[WARNING] 1 problem was encountered while building the effective model for org.javassist:javassist:jar:3.19.0-GA during dependency collection step for project (use -X to see details)
[INFO] 
[INFO] --- clean:3.4.1:clean (default-clean) @ walletly ---
[INFO] Deleting /home/arthur/Projetos/walletly/walletly-backend/target
[INFO] 
[INFO] >>> spring-boot:3.5.4:run (default-cli) > test-compile @ walletly >>>
[INFO] 
[INFO] --- resources:3.3.1:resources (default-resources) @ walletly ---
[INFO] Copying 1 resource from src/main/resources to target/classes
[INFO] Copying 4 resources from src/main/resources to target/classes
[INFO] 
[INFO] --- compiler:3.11.0:compile (default-compile) @ walletly ---
[INFO] Changes detected - recompiling the module! :source
[INFO] Compiling 67 source files with javac [debug release 21] to target/classes
[WARNING] /home/arthur/Projetos/walletly/walletly-backend/src/main/java/com/proint/walletly/mapper/UserMapper.java:[13,26] Unmapped target properties: "nome, role, isActive".
[WARNING] /home/arthur/Projetos/walletly/walletly-backend/src/main/java/com/proint/walletly/mapper/UserMapper.java:[14,26] Unmapped target properties: "nome, password, role, isActive".
[WARNING] /home/arthur/Projetos/walletly/walletly-backend/src/main/java/com/proint/walletly/mapper/UserMapper.java:[16,29] Unmapped target property: "nomeCompleto".
[WARNING] /home/arthur/Projetos/walletly/walletly-backend/src/main/java/com/proint/walletly/mapper/UserMapper.java:[17,29] Unmapped target properties: "nomeCompleto, password".
[WARNING] /home/arthur/Projetos/walletly/walletly-backend/src/main/java/com/proint/walletly/mapper/UserMapper.java:[22,26] Unmapped target properties: "id, role, isActive".
[INFO] /home/arthur/Projetos/walletly/walletly-backend/src/main/java/com/proint/walletly/config/SecurityConfiguration.java: /home/arthur/Projetos/walletly/walletly-backend/src/main/java/com/proint/walletly/config/SecurityConfiguration.java uses or overrides a deprecated API.
[INFO] /home/arthur/Projetos/walletly/walletly-backend/src/main/java/com/proint/walletly/config/SecurityConfiguration.java: Recompile with -Xlint:deprecation for details.
[INFO] 
[INFO] --- resources:3.3.1:testResources (default-testResources) @ walletly ---
[INFO] Copying 1 resource from src/test/resources to target/test-classes
[INFO] 
[INFO] --- compiler:3.11.0:testCompile (default-testCompile) @ walletly ---
[INFO] Changes detected - recompiling the module! :dependency
[INFO] Compiling 7 source files with javac [debug release 21] to target/test-classes
[INFO] Some messages have been simplified; recompile with -Xdiags:verbose to get full output
[INFO] -------------------------------------------------------------
[ERROR] COMPILATION ERROR : 
[INFO] -------------------------------------------------------------
[ERROR] /home/arthur/Projetos/walletly/walletly-backend/src/test/java/com/proint/walletly/service/CategoriaServiceTest.java:[58,29] cannot find symbol
  symbol:   method toDto(com.proint.walletly.model.Categoria)
  location: variable categoriaMapper of type com.proint.walletly.mapper.CategoriaMapper
[ERROR] /home/arthur/Projetos/walletly/walletly-backend/src/test/java/com/proint/walletly/service/CategoriaServiceTest.java:[63,38] cannot find symbol
  symbol:   method getId()
  location: variable testCategoriaDTO of type com.proint.walletly.dto.categoria.CategoriaDTO
[ERROR] /home/arthur/Projetos/walletly/walletly-backend/src/test/java/com/proint/walletly/service/CategoriaServiceTest.java:[63,54] cannot find symbol
  symbol:   method getId()
  location: variable result of type com.proint.walletly.dto.categoria.CategoriaDTO
[ERROR] /home/arthur/Projetos/walletly/walletly-backend/src/test/java/com/proint/walletly/service/CategoriaServiceTest.java:[70,29] cannot find symbol
  symbol:   method toDto(com.proint.walletly.model.Categoria)
  location: variable categoriaMapper of type com.proint.walletly.mapper.CategoriaMapper
[ERROR] /home/arthur/Projetos/walletly/walletly-backend/src/test/java/com/proint/walletly/service/CategoriaServiceTest.java:[75,38] cannot find symbol
  symbol:   method getNome()
  location: variable testCategoriaDTO of type com.proint.walletly.dto.categoria.CategoriaDTO
[ERROR] /home/arthur/Projetos/walletly/walletly-backend/src/test/java/com/proint/walletly/service/CategoriaServiceTest.java:[75,62] cannot find symbol
  symbol:   method getNome()
  location: class com.proint.walletly.dto.categoria.CategoriaDTO
[ERROR] /home/arthur/Projetos/walletly/walletly-backend/src/test/java/com/proint/walletly/service/CategoriaServiceTest.java:[93,29] cannot find symbol
  symbol:   method toDto(com.proint.walletly.model.Categoria)
  location: variable categoriaMapper of type com.proint.walletly.mapper.CategoriaMapper
[ERROR] /home/arthur/Projetos/walletly/walletly-backend/src/test/java/com/proint/walletly/service/CategoriaServiceTest.java:[99,38] cannot find symbol
  symbol:   method getId()
  location: variable testCategoriaDTO of type com.proint.walletly.dto.categoria.CategoriaDTO
[ERROR] /home/arthur/Projetos/walletly/walletly-backend/src/test/java/com/proint/walletly/service/CategoriaServiceTest.java:[99,74] cannot find symbol
  symbol:   method getId()
  location: class com.proint.walletly.dto.categoria.CategoriaDTO
[ERROR] /home/arthur/Projetos/walletly/walletly-backend/src/test/java/com/proint/walletly/service/CategoriaServiceTest.java:[110,29] cannot find symbol
  symbol:   method toDto(com.proint.walletly.model.Categoria)
  location: variable categoriaMapper of type com.proint.walletly.mapper.CategoriaMapper
[ERROR] /home/arthur/Projetos/walletly/walletly-backend/src/test/java/com/proint/walletly/service/CategoriaServiceTest.java:[115,42] cannot find symbol
  symbol:   method getNome()
  location: variable result of type com.proint.walletly.dto.categoria.CategoriaDTO
[ERROR] /home/arthur/Projetos/walletly/walletly-backend/src/test/java/com/proint/walletly/service/ContaServiceTest.java:[73,42] incompatible types: com.proint.walletly.model.Conta cannot be converted to com.proint.walletly.dto.conta.ContaDTO
[ERROR] /home/arthur/Projetos/walletly/walletly-backend/src/test/java/com/proint/walletly/service/ContaServiceTest.java:[88,55] incompatible types: java.util.Optional<com.proint.walletly.dto.conta.ContaDTO> cannot be converted to java.util.Optional<com.proint.walletly.model.Conta>
[ERROR] /home/arthur/Projetos/walletly/walletly-backend/src/test/java/com/proint/walletly/service/ContaServiceTest.java:[101,55] incompatible types: java.util.Optional<com.proint.walletly.dto.conta.ContaDTO> cannot be converted to java.util.Optional<com.proint.walletly.model.Conta>
[ERROR] /home/arthur/Projetos/walletly/walletly-backend/src/test/java/com/proint/walletly/service/ContaServiceTest.java:[115,50] incompatible types: org.springframework.data.domain.Page<com.proint.walletly.dto.conta.ContaDTO> cannot be converted to org.springframework.data.domain.Page<com.proint.walletly.model.Conta>
[ERROR] /home/arthur/Projetos/walletly/walletly-backend/src/test/java/com/proint/walletly/service/ContaServiceTest.java:[139,48] incompatible types: com.proint.walletly.model.Conta cannot be converted to com.proint.walletly.dto.conta.ContaDTO
[ERROR] /home/arthur/Projetos/walletly/walletly-backend/src/test/java/com/proint/walletly/service/ContaServiceTest.java:[157,47] incompatible types: com.proint.walletly.model.Conta cannot be converted to com.proint.walletly.dto.conta.ContaDTO
[ERROR] /home/arthur/Projetos/walletly/walletly-backend/src/test/java/com/proint/walletly/service/ContaServiceTest.java:[193,33] incompatible types: com.proint.walletly.model.Conta cannot be converted to com.proint.walletly.dto.conta.ContaDTO
[ERROR] /home/arthur/Projetos/walletly/walletly-backend/src/test/java/com/proint/walletly/service/ContaServiceTest.java:[213,42] incompatible types: com.proint.walletly.model.Conta cannot be converted to com.proint.walletly.dto.conta.ContaDTO
[ERROR] /home/arthur/Projetos/walletly/walletly-backend/src/test/java/com/proint/walletly/service/OrcamentoServiceTest.java:[68,50] incompatible types: com.proint.walletly.model.Orcamento cannot be converted to com.proint.walletly.dto.orcamento.OrcamentoDTO
[ERROR] /home/arthur/Projetos/walletly/walletly-backend/src/test/java/com/proint/walletly/service/OrcamentoServiceTest.java:[83,63] incompatible types: java.util.Optional<com.proint.walletly.dto.orcamento.OrcamentoDTO> cannot be converted to java.util.Optional<com.proint.walletly.model.Orcamento>
[ERROR] /home/arthur/Projetos/walletly/walletly-backend/src/test/java/com/proint/walletly/service/OrcamentoServiceTest.java:[96,63] incompatible types: java.util.Optional<com.proint.walletly.dto.orcamento.OrcamentoDTO> cannot be converted to java.util.Optional<com.proint.walletly.model.Orcamento>
[ERROR] /home/arthur/Projetos/walletly/walletly-backend/src/test/java/com/proint/walletly/service/OrcamentoServiceTest.java:[110,58] incompatible types: org.springframework.data.domain.Page<com.proint.walletly.dto.orcamento.OrcamentoDTO> cannot be converted to org.springframework.data.domain.Page<com.proint.walletly.model.Orcamento>
[ERROR] /home/arthur/Projetos/walletly/walletly-backend/src/test/java/com/proint/walletly/service/OrcamentoServiceTest.java:[133,56] incompatible types: com.proint.walletly.model.Orcamento cannot be converted to com.proint.walletly.dto.orcamento.OrcamentoDTO
[ERROR] /home/arthur/Projetos/walletly/walletly-backend/src/test/java/com/proint/walletly/service/OrcamentoServiceTest.java:[151,51] incompatible types: com.proint.walletly.model.Orcamento cannot be converted to com.proint.walletly.dto.orcamento.OrcamentoDTO
[ERROR] /home/arthur/Projetos/walletly/walletly-backend/src/test/java/com/proint/walletly/service/OrcamentoServiceTest.java:[185,37] incompatible types: com.proint.walletly.model.Orcamento cannot be converted to com.proint.walletly.dto.orcamento.OrcamentoDTO
[ERROR] /home/arthur/Projetos/walletly/walletly-backend/src/test/java/com/proint/walletly/service/OrcamentoServiceTest.java:[204,50] incompatible types: com.proint.walletly.model.Orcamento cannot be converted to com.proint.walletly.dto.orcamento.OrcamentoDTO
[ERROR] /home/arthur/Projetos/walletly/walletly-backend/src/test/java/com/proint/walletly/service/OrcamentoServiceTest.java:[230,37] incompatible types: com.proint.walletly.model.Orcamento cannot be converted to com.proint.walletly.dto.orcamento.OrcamentoDTO
[ERROR] /home/arthur/Projetos/walletly/walletly-backend/src/test/java/com/proint/walletly/service/OrcamentoServiceTest.java:[262,37] incompatible types: com.proint.walletly.model.Orcamento cannot be converted to com.proint.walletly.dto.orcamento.OrcamentoDTO
[ERROR] /home/arthur/Projetos/walletly/walletly-backend/src/test/java/com/proint/walletly/service/InstituicaoFinanceiraServiceTest.java:[46,30] constructor InstituicaoDTO in record com.proint.walletly.dto.instituicao.InstituicaoDTO cannot be applied to given types;
  required: java.lang.Long,java.lang.String,java.lang.String
  found:    java.lang.String,java.lang.String
  reason: actual and formal argument lists differ in length
[ERROR] /home/arthur/Projetos/walletly/walletly-backend/src/test/java/com/proint/walletly/service/InstituicaoFinanceiraServiceTest.java:[53,73] incompatible types: com.proint.walletly.dto.instituicao.InstituicaoDTO cannot be converted to com.proint.walletly.model.InstituicaoFinanceira
[ERROR] /home/arthur/Projetos/walletly/walletly-backend/src/test/java/com/proint/walletly/service/InstituicaoFinanceiraServiceTest.java:[73,73] incompatible types: com.proint.walletly.dto.instituicao.InstituicaoDTO cannot be converted to com.proint.walletly.model.InstituicaoFinanceira
[ERROR] /home/arthur/Projetos/walletly/walletly-backend/src/test/java/com/proint/walletly/service/InstituicaoFinanceiraServiceTest.java:[86,87] incompatible types: java.util.Optional<com.proint.walletly.dto.instituicao.InstituicaoDTO> cannot be converted to java.util.Optional<com.proint.walletly.model.InstituicaoFinanceira>
[ERROR] /home/arthur/Projetos/walletly/walletly-backend/src/test/java/com/proint/walletly/service/InstituicaoFinanceiraServiceTest.java:[99,87] incompatible types: java.util.Optional<com.proint.walletly.dto.instituicao.InstituicaoDTO> cannot be converted to java.util.Optional<com.proint.walletly.model.InstituicaoFinanceira>
[ERROR] /home/arthur/Projetos/walletly/walletly-backend/src/test/java/com/proint/walletly/service/InstituicaoFinanceiraServiceTest.java:[113,82] incompatible types: org.springframework.data.domain.Page<com.proint.walletly.dto.instituicao.InstituicaoDTO> cannot be converted to org.springframework.data.domain.Page<com.proint.walletly.model.InstituicaoFinanceira>
[ERROR] /home/arthur/Projetos/walletly/walletly-backend/src/test/java/com/proint/walletly/service/InstituicaoFinanceiraServiceTest.java:[133,80] incompatible types: com.proint.walletly.model.InstituicaoFinanceira cannot be converted to com.proint.walletly.dto.instituicao.InstituicaoDTO
[ERROR] /home/arthur/Projetos/walletly/walletly-backend/src/test/java/com/proint/walletly/service/InstituicaoFinanceiraServiceTest.java:[150,63] incompatible types: com.proint.walletly.model.InstituicaoFinanceira cannot be converted to com.proint.walletly.dto.instituicao.InstituicaoDTO
[ERROR] /home/arthur/Projetos/walletly/walletly-backend/src/test/java/com/proint/walletly/service/InstituicaoFinanceiraServiceTest.java:[182,49] incompatible types: com.proint.walletly.model.InstituicaoFinanceira cannot be converted to com.proint.walletly.dto.instituicao.InstituicaoDTO
[ERROR] /home/arthur/Projetos/walletly/walletly-backend/src/test/java/com/proint/walletly/service/TransacaoServiceTest.java:[70,50] incompatible types: com.proint.walletly.model.Transacao cannot be converted to com.proint.walletly.dto.transacao.TransacaoDTO
[ERROR] /home/arthur/Projetos/walletly/walletly-backend/src/test/java/com/proint/walletly/service/TransacaoServiceTest.java:[86,63] incompatible types: java.util.Optional<com.proint.walletly.dto.transacao.TransacaoDTO> cannot be converted to java.util.Optional<com.proint.walletly.model.Transacao>
[ERROR] /home/arthur/Projetos/walletly/walletly-backend/src/test/java/com/proint/walletly/service/TransacaoServiceTest.java:[99,63] incompatible types: java.util.Optional<com.proint.walletly.dto.transacao.TransacaoDTO> cannot be converted to java.util.Optional<com.proint.walletly.model.Transacao>
[ERROR] /home/arthur/Projetos/walletly/walletly-backend/src/test/java/com/proint/walletly/service/TransacaoServiceTest.java:[113,58] incompatible types: org.springframework.data.domain.Page<com.proint.walletly.dto.transacao.TransacaoDTO> cannot be converted to org.springframework.data.domain.Page<com.proint.walletly.model.Transacao>
[ERROR] /home/arthur/Projetos/walletly/walletly-backend/src/test/java/com/proint/walletly/service/TransacaoServiceTest.java:[137,56] incompatible types: com.proint.walletly.model.Transacao cannot be converted to com.proint.walletly.dto.transacao.TransacaoDTO
[ERROR] /home/arthur/Projetos/walletly/walletly-backend/src/test/java/com/proint/walletly/service/TransacaoServiceTest.java:[156,51] incompatible types: com.proint.walletly.model.Transacao cannot be converted to com.proint.walletly.dto.transacao.TransacaoDTO
[ERROR] /home/arthur/Projetos/walletly/walletly-backend/src/test/java/com/proint/walletly/service/TransacaoServiceTest.java:[192,37] incompatible types: com.proint.walletly.model.Transacao cannot be converted to com.proint.walletly.dto.transacao.TransacaoDTO
[ERROR] /home/arthur/Projetos/walletly/walletly-backend/src/test/java/com/proint/walletly/service/TransacaoServiceTest.java:[212,50] incompatible types: com.proint.walletly.model.Transacao cannot be converted to com.proint.walletly.dto.transacao.TransacaoDTO
[ERROR] /home/arthur/Projetos/walletly/walletly-backend/src/test/java/com/proint/walletly/service/TransacaoServiceTest.java:[238,37] incompatible types: com.proint.walletly.model.Transacao cannot be converted to com.proint.walletly.dto.transacao.TransacaoDTO
[INFO] 47 errors 
[INFO] -------------------------------------------------------------
[INFO] ------------------------------------------------------------------------
[INFO] BUILD FAILURE
[INFO] ------------------------------------------------------------------------
[INFO] Total time:  4.636 s
[INFO] Finished at: 2026-05-27T16:56:12-03:00
[INFO] ------------------------------------------------------------------------
[ERROR] Failed to execute goal org.apache.maven.plugins:maven-compiler-plugin:3.11.0:testCompile (default-testCompile) on project walletly: Compilation failure: Compilation failure: 
[ERROR] /home/arthur/Projetos/walletly/walletly-backend/src/test/java/com/proint/walletly/service/CategoriaServiceTest.java:[58,29] cannot find symbol
[ERROR]   symbol:   method toDto(com.proint.walletly.model.Categoria)
[ERROR]   location: variable categoriaMapper of type com.proint.walletly.mapper.CategoriaMapper
[ERROR] /home/arthur/Projetos/walletly/walletly-backend/src/test/java/com/proint/walletly/service/CategoriaServiceTest.java:[63,38] cannot find symbol
[ERROR]   symbol:   method getId()
[ERROR]   location: variable testCategoriaDTO of type com.proint.walletly.dto.categoria.CategoriaDTO
[ERROR] /home/arthur/Projetos/walletly/walletly-backend/src/test/java/com/proint/walletly/service/CategoriaServiceTest.java:[63,54] cannot find symbol
[ERROR]   symbol:   method getId()
[ERROR]   location: variable result of type com.proint.walletly.dto.categoria.CategoriaDTO
[ERROR] /home/arthur/Projetos/walletly/walletly-backend/src/test/java/com/proint/walletly/service/CategoriaServiceTest.java:[70,29] cannot find symbol
[ERROR]   symbol:   method toDto(com.proint.walletly.model.Categoria)
[ERROR]   location: variable categoriaMapper of type com.proint.walletly.mapper.CategoriaMapper
[ERROR] /home/arthur/Projetos/walletly/walletly-backend/src/test/java/com/proint/walletly/service/CategoriaServiceTest.java:[75,38] cannot find symbol
[ERROR]   symbol:   method getNome()
[ERROR]   location: variable testCategoriaDTO of type com.proint.walletly.dto.categoria.CategoriaDTO
[ERROR] /home/arthur/Projetos/walletly/walletly-backend/src/test/java/com/proint/walletly/service/CategoriaServiceTest.java:[75,62] cannot find symbol
[ERROR]   symbol:   method getNome()
[ERROR]   location: class com.proint.walletly.dto.categoria.CategoriaDTO
[ERROR] /home/arthur/Projetos/walletly/walletly-backend/src/test/java/com/proint/walletly/service/CategoriaServiceTest.java:[93,29] cannot find symbol
[ERROR]   symbol:   method toDto(com.proint.walletly.model.Categoria)
[ERROR]   location: variable categoriaMapper of type com.proint.walletly.mapper.CategoriaMapper
[ERROR] /home/arthur/Projetos/walletly/walletly-backend/src/test/java/com/proint/walletly/service/CategoriaServiceTest.java:[99,38] cannot find symbol
[ERROR]   symbol:   method getId()
[ERROR]   location: variable testCategoriaDTO of type com.proint.walletly.dto.categoria.CategoriaDTO
[ERROR] /home/arthur/Projetos/walletly/walletly-backend/src/test/java/com/proint/walletly/service/CategoriaServiceTest.java:[99,74] cannot find symbol
[ERROR]   symbol:   method getId()
[ERROR]   location: class com.proint.walletly.dto.categoria.CategoriaDTO
[ERROR] /home/arthur/Projetos/walletly/walletly-backend/src/test/java/com/proint/walletly/service/CategoriaServiceTest.java:[110,29] cannot find symbol
[ERROR]   symbol:   method toDto(com.proint.walletly.model.Categoria)
[ERROR]   location: variable categoriaMapper of type com.proint.walletly.mapper.CategoriaMapper
[ERROR] /home/arthur/Projetos/walletly/walletly-backend/src/test/java/com/proint/walletly/service/CategoriaServiceTest.java:[115,42] cannot find symbol
[ERROR]   symbol:   method getNome()
[ERROR]   location: variable result of type com.proint.walletly.dto.categoria.CategoriaDTO
[ERROR] /home/arthur/Projetos/walletly/walletly-backend/src/test/java/com/proint/walletly/service/ContaServiceTest.java:[73,42] incompatible types: com.proint.walletly.model.Conta cannot be converted to com.proint.walletly.dto.conta.ContaDTO
[ERROR] /home/arthur/Projetos/walletly/walletly-backend/src/test/java/com/proint/walletly/service/ContaServiceTest.java:[88,55] incompatible types: java.util.Optional<com.proint.walletly.dto.conta.ContaDTO> cannot be converted to java.util.Optional<com.proint.walletly.model.Conta>
[ERROR] /home/arthur/Projetos/walletly/walletly-backend/src/test/java/com/proint/walletly/service/ContaServiceTest.java:[101,55] incompatible types: java.util.Optional<com.proint.walletly.dto.conta.ContaDTO> cannot be converted to java.util.Optional<com.proint.walletly.model.Conta>
[ERROR] /home/arthur/Projetos/walletly/walletly-backend/src/test/java/com/proint/walletly/service/ContaServiceTest.java:[115,50] incompatible types: org.springframework.data.domain.Page<com.proint.walletly.dto.conta.ContaDTO> cannot be converted to org.springframework.data.domain.Page<com.proint.walletly.model.Conta>
[ERROR] /home/arthur/Projetos/walletly/walletly-backend/src/test/java/com/proint/walletly/service/ContaServiceTest.java:[139,48] incompatible types: com.proint.walletly.model.Conta cannot be converted to com.proint.walletly.dto.conta.ContaDTO
[ERROR] /home/arthur/Projetos/walletly/walletly-backend/src/test/java/com/proint/walletly/service/ContaServiceTest.java:[157,47] incompatible types: com.proint.walletly.model.Conta cannot be converted to com.proint.walletly.dto.conta.ContaDTO
[ERROR] /home/arthur/Projetos/walletly/walletly-backend/src/test/java/com/proint/walletly/service/ContaServiceTest.java:[193,33] incompatible types: com.proint.walletly.model.Conta cannot be converted to com.proint.walletly.dto.conta.ContaDTO
[ERROR] /home/arthur/Projetos/walletly/walletly-backend/src/test/java/com/proint/walletly/service/ContaServiceTest.java:[213,42] incompatible types: com.proint.walletly.model.Conta cannot be converted to com.proint.walletly.dto.conta.ContaDTO
[ERROR] /home/arthur/Projetos/walletly/walletly-backend/src/test/java/com/proint/walletly/service/OrcamentoServiceTest.java:[68,50] incompatible types: com.proint.walletly.model.Orcamento cannot be converted to com.proint.walletly.dto.orcamento.OrcamentoDTO
[ERROR] /home/arthur/Projetos/walletly/walletly-backend/src/test/java/com/proint/walletly/service/OrcamentoServiceTest.java:[83,63] incompatible types: java.util.Optional<com.proint.walletly.dto.orcamento.OrcamentoDTO> cannot be converted to java.util.Optional<com.proint.walletly.model.Orcamento>
[ERROR] /home/arthur/Projetos/walletly/walletly-backend/src/test/java/com/proint/walletly/service/OrcamentoServiceTest.java:[96,63] incompatible types: java.util.Optional<com.proint.walletly.dto.orcamento.OrcamentoDTO> cannot be converted to java.util.Optional<com.proint.walletly.model.Orcamento>
[ERROR] /home/arthur/Projetos/walletly/walletly-backend/src/test/java/com/proint/walletly/service/OrcamentoServiceTest.java:[110,58] incompatible types: org.springframework.data.domain.Page<com.proint.walletly.dto.orcamento.OrcamentoDTO> cannot be converted to org.springframework.data.domain.Page<com.proint.walletly.model.Orcamento>
[ERROR] /home/arthur/Projetos/walletly/walletly-backend/src/test/java/com/proint/walletly/service/OrcamentoServiceTest.java:[133,56] incompatible types: com.proint.walletly.model.Orcamento cannot be converted to com.proint.walletly.dto.orcamento.OrcamentoDTO
[ERROR] /home/arthur/Projetos/walletly/walletly-backend/src/test/java/com/proint/walletly/service/OrcamentoServiceTest.java:[151,51] incompatible types: com.proint.walletly.model.Orcamento cannot be converted to com.proint.walletly.dto.orcamento.OrcamentoDTO
[ERROR] /home/arthur/Projetos/walletly/walletly-backend/src/test/java/com/proint/walletly/service/OrcamentoServiceTest.java:[185,37] incompatible types: com.proint.walletly.model.Orcamento cannot be converted to com.proint.walletly.dto.orcamento.OrcamentoDTO
[ERROR] /home/arthur/Projetos/walletly/walletly-backend/src/test/java/com/proint/walletly/service/OrcamentoServiceTest.java:[204,50] incompatible types: com.proint.walletly.model.Orcamento cannot be converted to com.proint.walletly.dto.orcamento.OrcamentoDTO
[ERROR] /home/arthur/Projetos/walletly/walletly-backend/src/test/java/com/proint/walletly/service/OrcamentoServiceTest.java:[230,37] incompatible types: com.proint.walletly.model.Orcamento cannot be converted to com.proint.walletly.dto.orcamento.OrcamentoDTO
[ERROR] /home/arthur/Projetos/walletly/walletly-backend/src/test/java/com/proint/walletly/service/OrcamentoServiceTest.java:[262,37] incompatible types: com.proint.walletly.model.Orcamento cannot be converted to com.proint.walletly.dto.orcamento.OrcamentoDTO
[ERROR] /home/arthur/Projetos/walletly/walletly-backend/src/test/java/com/proint/walletly/service/InstituicaoFinanceiraServiceTest.java:[46,30] constructor InstituicaoDTO in record com.proint.walletly.dto.instituicao.InstituicaoDTO cannot be applied to given types;
[ERROR]   required: java.lang.Long,java.lang.String,java.lang.String
[ERROR]   found:    java.lang.String,java.lang.String
[ERROR]   reason: actual and formal argument lists differ in length
[ERROR] /home/arthur/Projetos/walletly/walletly-backend/src/test/java/com/proint/walletly/service/InstituicaoFinanceiraServiceTest.java:[53,73] incompatible types: com.proint.walletly.dto.instituicao.InstituicaoDTO cannot be converted to com.proint.walletly.model.InstituicaoFinanceira
[ERROR] /home/arthur/Projetos/walletly/walletly-backend/src/test/java/com/proint/walletly/service/InstituicaoFinanceiraServiceTest.java:[73,73] incompatible types: com.proint.walletly.dto.instituicao.InstituicaoDTO cannot be converted to com.proint.walletly.model.InstituicaoFinanceira
[ERROR] /home/arthur/Projetos/walletly/walletly-backend/src/test/java/com/proint/walletly/service/InstituicaoFinanceiraServiceTest.java:[86,87] incompatible types: java.util.Optional<com.proint.walletly.dto.instituicao.InstituicaoDTO> cannot be converted to java.util.Optional<com.proint.walletly.model.InstituicaoFinanceira>
[ERROR] /home/arthur/Projetos/walletly/walletly-backend/src/test/java/com/proint/walletly/service/InstituicaoFinanceiraServiceTest.java:[99,87] incompatible types: java.util.Optional<com.proint.walletly.dto.instituicao.InstituicaoDTO> cannot be converted to java.util.Optional<com.proint.walletly.model.InstituicaoFinanceira>
[ERROR] /home/arthur/Projetos/walletly/walletly-backend/src/test/java/com/proint/walletly/service/InstituicaoFinanceiraServiceTest.java:[113,82] incompatible types: org.springframework.data.domain.Page<com.proint.walletly.dto.instituicao.InstituicaoDTO> cannot be converted to org.springframework.data.domain.Page<com.proint.walletly.model.InstituicaoFinanceira>
[ERROR] /home/arthur/Projetos/walletly/walletly-backend/src/test/java/com/proint/walletly/service/InstituicaoFinanceiraServiceTest.java:[133,80] incompatible types: com.proint.walletly.model.InstituicaoFinanceira cannot be converted to com.proint.walletly.dto.instituicao.InstituicaoDTO
[ERROR] /home/arthur/Projetos/walletly/walletly-backend/src/test/java/com/proint/walletly/service/InstituicaoFinanceiraServiceTest.java:[150,63] incompatible types: com.proint.walletly.model.InstituicaoFinanceira cannot be converted to com.proint.walletly.dto.instituicao.InstituicaoDTO
[ERROR] /home/arthur/Projetos/walletly/walletly-backend/src/test/java/com/proint/walletly/service/InstituicaoFinanceiraServiceTest.java:[182,49] incompatible types: com.proint.walletly.model.InstituicaoFinanceira cannot be converted to com.proint.walletly.dto.instituicao.InstituicaoDTO
[ERROR] /home/arthur/Projetos/walletly/walletly-backend/src/test/java/com/proint/walletly/service/TransacaoServiceTest.java:[70,50] incompatible types: com.proint.walletly.model.Transacao cannot be converted to com.proint.walletly.dto.transacao.TransacaoDTO
[ERROR] /home/arthur/Projetos/walletly/walletly-backend/src/test/java/com/proint/walletly/service/TransacaoServiceTest.java:[86,63] incompatible types: java.util.Optional<com.proint.walletly.dto.transacao.TransacaoDTO> cannot be converted to java.util.Optional<com.proint.walletly.model.Transacao>
[ERROR] /home/arthur/Projetos/walletly/walletly-backend/src/test/java/com/proint/walletly/service/TransacaoServiceTest.java:[99,63] incompatible types: java.util.Optional<com.proint.walletly.dto.transacao.TransacaoDTO> cannot be converted to java.util.Optional<com.proint.walletly.model.Transacao>
[ERROR] /home/arthur/Projetos/walletly/walletly-backend/src/test/java/com/proint/walletly/service/TransacaoServiceTest.java:[113,58] incompatible types: org.springframework.data.domain.Page<com.proint.walletly.dto.transacao.TransacaoDTO> cannot be converted to org.springframework.data.domain.Page<com.proint.walletly.model.Transacao>
[ERROR] /home/arthur/Projetos/walletly/walletly-backend/src/test/java/com/proint/walletly/service/TransacaoServiceTest.java:[137,56] incompatible types: com.proint.walletly.model.Transacao cannot be converted to com.proint.walletly.dto.transacao.TransacaoDTO
[ERROR] /home/arthur/Projetos/walletly/walletly-backend/src/test/java/com/proint/walletly/service/TransacaoServiceTest.java:[156,51] incompatible types: com.proint.walletly.model.Transacao cannot be converted to com.proint.walletly.dto.transacao.TransacaoDTO
[ERROR] /home/arthur/Projetos/walletly/walletly-backend/src/test/java/com/proint/walletly/service/TransacaoServiceTest.java:[192,37] incompatible types: com.proint.walletly.model.Transacao cannot be converted to com.proint.walletly.dto.transacao.TransacaoDTO
[ERROR] /home/arthur/Projetos/walletly/walletly-backend/src/test/java/com/proint/walletly/service/TransacaoServiceTest.java:[212,50] incompatible types: com.proint.walletly.model.Transacao cannot be converted to com.proint.walletly.dto.transacao.TransacaoDTO
[ERROR] /home/arthur/Projetos/walletly/walletly-backend/src/test/java/com/proint/walletly/service/TransacaoServiceTest.java:[238,37] incompatible types: com.proint.walletly.model.Transacao cannot be converted to com.proint.walletly.dto.transacao.TransacaoDTO
[ERROR] -> [Help 1]
[ERROR] 
[ERROR] To see the full stack trace of the errors, re-run Maven with the -e switch.
[ERROR] Re-run Maven using the -X switch to enable full debug logging.
[ERROR] 
[ERROR] For more information about the errors and possible solutions, please read the following articles:
[ERROR] [Help 1] http://cwiki.apache.org/confluence/display/MAVEN/MojoFailureException
